 edges
┏━━━━━━━━━━━━━━┳━━━━━━━━━━━━━━┳━━━━━━━━━━━━━━┳━━━━━━┳━━━━━━━━━━┳━━━━━━━━━━━━━━━┓
┃ predicate    │ from         │ to           │ card │ required │ notes         ┃
┡━━━━━━━━━━━━━━╇━━━━━━━━━━━━━━╇━━━━━━━━━━━━━━╇━━━━━━╇━━━━━━━━━━╇━━━━━━━━━━━━━━━┩
│ affects      │ adr          │ any          │ many │          │               │
│ depends_on   │ any          │ any          │ many │          │ acyclic       │
│ realized_in  │ requirement  │ component    │ many │          │               │
│ references   │ any          │ any          │ many │          │               │
│ related      │ any          │ any          │ many │          │               │
│ repo         │ component    │ repo         │ one  │          │               │
│ requirements │ feature-spec │ requirement  │ many │          │               │
│ sources      │ any          │ any          │ many │          │               │
│ supersedes   │ adr          │ adr          │ one  │          │ inverse       │
│              │              │              │      │          │ superseded;   │
│              │              │              │      │          │ acyclic       │
│ supersedes   │ feature-spec │ feature-spec │ one  │          │ inverse       │
│              │              │              │      │          │ superseded;   │
│              │              │              │      │          │ acyclic       │
│ superseded   │ adr,         │ adr,         │ many │          │ inverse       │
│              │ feature-spec │ feature-spec │      │          │ supersedes;   │
│              │              │              │      │          │ acyclic       │
└──────────────┴──────────────┴──────────────┴──────┴──────────┴───────────────┘
